// Jest Snapshot v1, https://goo.gl/fbAQLP

exports[`RoomsContainer should render loading message 1`] = `
<RoomsContainer
  fetchRooms={[Function]}
  store={
    Object {
      "clearActions": [Function],
      "dispatch": [Function],
      "getActions": [Function],
      "getState": [Function],
      "replaceReducer": [Function],
      "subscribe": [Function],
    }
  }
/>
`;

exports[`RoomsContainer should render loading message 2`] = `
<RoomsContainer
  fetchRooms={[Function]}
  store={
    Object {
      "clearActions": [Function],
      "dispatch": [Function],
      "getActions": [Function],
      "getState": [Function],
      "replaceReducer": [Function],
      "subscribe": [Function],
    }
  }
/>
`;

exports[`RoomsContainer should render loading message 3`] = `
<RoomsContainer
  fetchRooms={[Function]}
  store={
    Object {
      "clearActions": [Function],
      "dispatch": [Function],
      "getActions": [Function],
      "getState": [Function],
      "replaceReducer": [Function],
      "subscribe": [Function],
    }
  }
/>
`;
